// Jest Snapshot v1, https://goo.gl/fbAQLP

exports[`Add product to cart should render 1`] = `
Array [
  <div
    aria-controls="panel1d-content"
    aria-disabled={false}
    className="MuiButtonBase-root MuiAccordionSummary-root WithStyles(ForwardRef(AccordionSummary))-root-3"
    id="panel1d-header"
    onBlur={[Function]}
    onClick={[Function]}
    onDragLeave={[Function]}
    onFocus={[Function]}
    onKeyDown={[Function]}
    onKeyUp={[Function]}
    onMouseDown={[Function]}
    onMouseLeave={[Function]}
    onMouseUp={[Function]}
    onTouchEnd={[Function]}
    onTouchMove={[Function]}
    onTouchStart={[Function]}
    role="button"
    tabIndex={0}
  >
    <div
      className="MuiAccordionSummary-content WithStyles(ForwardRef(AccordionSummary))-content-4"
    >
      <p
        className="MuiTypography-root MuiTypography-body1"
      >
        Add Products
      </p>
    </div>
  </div>,
  <div
    className="MuiAccordionDetails-root WithStyles(ForwardRef(AccordionDetails))-root-6"
  >
    <form
      className="makeStyles-root-1"
      onSubmit={[Function]}
    >
      <div
        aria-expanded={false}
        aria-owns={null}
        className="MuiAutocomplete-root MuiAutocomplete-fullWidth MuiAutocomplete-hasClearIcon MuiAutocomplete-hasPopupIcon"
        data-testid="productName"
        onClick={[Function]}
        onKeyDown={[Function]}
        onMouseDown={[Function]}
        role="combobox"
      >
        <div
          className="MuiFormControl-root MuiTextField-root MuiFormControl-fullWidth"
        >
          <label
            className="MuiFormLabel-root MuiInputLabel-root MuiInputLabel-formControl MuiInputLabel-animated MuiInputLabel-outlined"
            data-shrink={false}
            id="undefined-label"
          >
            Product Name
          </label>
          <div
            className="MuiInputBase-root MuiOutlinedInput-root MuiAutocomplete-inputRoot MuiInputBase-fullWidth MuiInputBase-formControl MuiInputBase-adornedEnd MuiOutlinedInput-adornedEnd"
            onClick={[Function]}
          >
            <input
              aria-activedescendant={null}
              aria-autocomplete="list"
              aria-controls={null}
              aria-invalid={false}
              autoCapitalize="none"
              autoComplete="off"
              autoFocus={false}
              className="MuiInputBase-input MuiOutlinedInput-input MuiAutocomplete-input MuiAutocomplete-inputFocused MuiInputBase-inputAdornedEnd MuiOutlinedInput-inputAdornedEnd"
              disabled={false}
              onAnimationStart={[Function]}
              onBlur={[Function]}
              onChange={[Function]}
              onFocus={[Function]}
              onMouseDown={[Function]}
              required={false}
              spellCheck="false"
              type="text"
              value=""
            />
            <div
              className="MuiAutocomplete-endAdornment"
            >
              <button
                aria-label="Clear"
                className="MuiButtonBase-root MuiIconButton-root MuiAutocomplete-clearIndicator"
                disabled={false}
                onBlur={[Function]}
                onClick={[Function]}
                onDragLeave={[Function]}
                onFocus={[Function]}
                onKeyDown={[Function]}
                onKeyUp={[Function]}
                onMouseDown={[Function]}
                onMouseLeave={[Function]}
                onMouseUp={[Function]}
                onTouchEnd={[Function]}
                onTouchMove={[Function]}
                onTouchStart={[Function]}
                tabIndex={-1}
                title="Clear"
                type="button"
              >
                <span
                  className="MuiIconButton-label"
                >
                  <svg
                    aria-hidden={true}
                    className="MuiSvgIcon-root MuiSvgIcon-fontSizeSmall"
                    focusable="false"
                    viewBox="0 0 24 24"
                  >
                    <path
                      d="M19 6.41L17.59 5 12 10.59 6.41 5 5 6.41 10.59 12 5 17.59 6.41 19 12 13.41 17.59 19 19 17.59 13.41 12z"
                    />
                  </svg>
                </span>
              </button>
              <button
                aria-label="Open"
                className="MuiButtonBase-root MuiIconButton-root MuiAutocomplete-popupIndicator"
                disabled={false}
                onBlur={[Function]}
                onClick={[Function]}
                onDragLeave={[Function]}
                onFocus={[Function]}
                onKeyDown={[Function]}
                onKeyUp={[Function]}
                onMouseDown={[Function]}
                onMouseLeave={[Function]}
                onMouseUp={[Function]}
                onTouchEnd={[Function]}
                onTouchMove={[Function]}
                onTouchStart={[Function]}
                tabIndex={-1}
                title="Open"
                type="button"
              >
                <span
                  className="MuiIconButton-label"
                >
                  <svg
                    aria-hidden={true}
                    className="MuiSvgIcon-root"
                    focusable="false"
                    viewBox="0 0 24 24"
                  >
                    <path
                      d="M7 10l5 5 5-5z"
                    />
                  </svg>
                </span>
              </button>
            </div>
            <fieldset
              aria-hidden={true}
              className="PrivateNotchedOutline-root-7 MuiOutlinedInput-notchedOutline"
            >
              <legend
                className="PrivateNotchedOutline-legendLabelled-9"
              >
                <span>
                  Product Name
                </span>
              </legend>
            </fieldset>
          </div>
        </div>
      </div>
      <div>
        <button
          className="MuiButtonBase-root MuiButton-root MuiButton-contained MuiButton-containedPrimary MuiButton-containedSizeLarge MuiButton-sizeLarge"
          disabled={false}
          onBlur={[Function]}
          onDragLeave={[Function]}
          onFocus={[Function]}
          onKeyDown={[Function]}
          onKeyUp={[Function]}
          onMouseDown={[Function]}
          onMouseLeave={[Function]}
          onMouseUp={[Function]}
          onTouchEnd={[Function]}
          onTouchMove={[Function]}
          onTouchStart={[Function]}
          tabIndex={0}
          type="submit"
        >
          <span
            className="MuiButton-label"
          >
            Add product
          </span>
        </button>
      </div>
    </form>
  </div>,
]
`;
