// Jest Snapshot v1, https://goo.gl/fbAQLP

exports[`Nav bar renders correctly 1`] = `
Object {
  "asFragment": [Function],
  "baseElement": <body>
    <div>
      <header
        class="MuiPaper-root MuiAppBar-root MuiAppBar-positionFixed MuiAppBar-colorPrimary makeStyles-appBar-2 mui-fixed MuiPaper-elevation4"
      >
        <div
          class="MuiToolbar-root MuiToolbar-regular MuiToolbar-gutters"
        >
          <button
            aria-label="open drawer"
            class="MuiButtonBase-root MuiIconButton-root makeStyles-menuButton-4 MuiIconButton-colorInherit MuiIconButton-edgeStart"
            data-testid="menu-item"
            tabindex="0"
            type="button"
          >
            <span
              class="MuiIconButton-label"
            >
              <svg
                aria-hidden="true"
                class="MuiSvgIcon-root"
                focusable="false"
                viewBox="0 0 24 24"
              >
                <path
                  d="M3 18h18v-2H3v2zm0-5h18v-2H3v2zm0-7v2h18V6H3z"
                />
              </svg>
            </span>
            <span
              class="MuiTouchRipple-root"
            />
          </button>
          <h6
            class="MuiTypography-root MuiTypography-h6 MuiTypography-noWrap"
          >
            Retail E-commerce
          </h6>
        </div>
      </header>
      <nav
        aria-label="options"
        class="makeStyles-drawer-1"
      />
    </div>
  </body>,
  "container": <div>
    <header
      class="MuiPaper-root MuiAppBar-root MuiAppBar-positionFixed MuiAppBar-colorPrimary makeStyles-appBar-2 mui-fixed MuiPaper-elevation4"
    >
      <div
        class="MuiToolbar-root MuiToolbar-regular MuiToolbar-gutters"
      >
        <button
          aria-label="open drawer"
          class="MuiButtonBase-root MuiIconButton-root makeStyles-menuButton-4 MuiIconButton-colorInherit MuiIconButton-edgeStart"
          data-testid="menu-item"
          tabindex="0"
          type="button"
        >
          <span
            class="MuiIconButton-label"
          >
            <svg
              aria-hidden="true"
              class="MuiSvgIcon-root"
              focusable="false"
              viewBox="0 0 24 24"
            >
              <path
                d="M3 18h18v-2H3v2zm0-5h18v-2H3v2zm0-7v2h18V6H3z"
              />
            </svg>
          </span>
          <span
            class="MuiTouchRipple-root"
          />
        </button>
        <h6
          class="MuiTypography-root MuiTypography-h6 MuiTypography-noWrap"
        >
          Retail E-commerce
        </h6>
      </div>
    </header>
    <nav
      aria-label="options"
      class="makeStyles-drawer-1"
    />
  </div>,
  "debug": [Function],
  "findAllByAltText": [Function],
  "findAllByDisplayValue": [Function],
  "findAllByLabelText": [Function],
  "findAllByPlaceholderText": [Function],
  "findAllByRole": [Function],
  "findAllByTestId": [Function],
  "findAllByText": [Function],
  "findAllByTitle": [Function],
  "findByAltText": [Function],
  "findByDisplayValue": [Function],
  "findByLabelText": [Function],
  "findByPlaceholderText": [Function],
  "findByRole": [Function],
  "findByTestId": [Function],
  "findByText": [Function],
  "findByTitle": [Function],
  "getAllByAltText": [Function],
  "getAllByDisplayValue": [Function],
  "getAllByLabelText": [Function],
  "getAllByPlaceholderText": [Function],
  "getAllByRole": [Function],
  "getAllByTestId": [Function],
  "getAllByText": [Function],
  "getAllByTitle": [Function],
  "getByAltText": [Function],
  "getByDisplayValue": [Function],
  "getByLabelText": [Function],
  "getByPlaceholderText": [Function],
  "getByRole": [Function],
  "getByTestId": [Function],
  "getByText": [Function],
  "getByTitle": [Function],
  "queryAllByAltText": [Function],
  "queryAllByDisplayValue": [Function],
  "queryAllByLabelText": [Function],
  "queryAllByPlaceholderText": [Function],
  "queryAllByRole": [Function],
  "queryAllByTestId": [Function],
  "queryAllByText": [Function],
  "queryAllByTitle": [Function],
  "queryByAltText": [Function],
  "queryByDisplayValue": [Function],
  "queryByLabelText": [Function],
  "queryByPlaceholderText": [Function],
  "queryByRole": [Function],
  "queryByTestId": [Function],
  "queryByText": [Function],
  "queryByTitle": [Function],
  "rerender": [Function],
  "unmount": [Function],
}
`;
